exports[`Oscillate Component should render 1`] = `
<div>
  <div>
    <h1>
      Oscillate
    </h1>
  </div>
  <div
    className="loader">
    <svg
      className="loader__svg"
      viewBox="-75 -75 150 150">
      <circle
        cx="0"
        cy="0"
        r="37.5" />
    </svg>
  </div>
</div>
`;
